>>> sum(0.1 for i in range(10)) == 1.0
False
>>> from decimal import Decimal
>>> sum(Decimal("0.1") for i in range(10)) == Decimal("1.0")
True
>>>
KeyboardInterrupt
>>> bin(999)
'0b1111100111'
>>> oct(i)
Traceback (most recent call last):
  File "<stdin>", line 1, in <module>
NameError: name 'i' is not defined
>>> oct(999)
'0o1747'
>>> hex(999)
'0x3e7'
>>>
